[36mvite v5.4.19 [32mbuilding for production...[36m[39m
transforming...
Browserslist: browsers data (caniuse-lite) is 7 months old. Please run:
  npx update-browserslist-db@latest
  Why you should do it regularly: https://github.com/browserslist/update-db#readme
[32mΓ£ô[39m 11 modules transformed.
x Build failed in 774ms
error during build:
[vite:css] [postcss] D:/personal-portfolio/src/index.css:112:5: The `bg-gradient-accent` class does not exist. If `bg-gradient-accent` is a custom class, make sure it is defined within a `@layer` directive.
file: D:/personal-portfolio/src/index.css:112:4
    at Input.error (D:\personal-portfolio\node_modules\postcss\lib\input.js:135:16)
    at AtRule.error (D:\personal-portfolio\node_modules\postcss\lib\node.js:146:32)
    at processApply (D:\personal-portfolio\node_modules\tailwindcss\lib\lib\expandApplyAtRules.js:380:29)
    at D:\personal-portfolio\node_modules\tailwindcss\lib\lib\expandApplyAtRules.js:551:9
    at D:\personal-portfolio\node_modules\tailwindcss\lib\processTailwindFeatures.js:55:50
    at async plugins (D:\personal-portfolio\node_modules\tailwindcss\lib\plugin.js:38:17)
    at async LazyResult.runAsync (D:\personal-portfolio\node_modules\postcss\lib\lazy-result.js:293:11)
    at async compileCSS (file:///D:/personal-portfolio/node_modules/vite/dist/node/chunks/dep-C6uTJdX2.js:36898:21)
    at async Object.transform (file:///D:/personal-portfolio/node_modules/vite/dist/node/chunks/dep-C6uTJdX2.js:36171:11)
    at async transform (file:///D:/personal-portfolio/node_modules/rollup/dist/es/shared/node-entry.js:19581:16)
